Archive member included to satisfy reference by file (symbol)

c:/st/stm32cubeide_1.0.2/stm32cubeide/plugins/com.st.stm32cube.ide.mcu.externaltools.gnu-tools-for-stm32.7-2018-q2-update.win32_1.0.0.201904181610/tools/bin/../lib/gcc/arm-none-eabi/7.3.1/../../../../arm-none-eabi/lib/thumb/v7e-m/fpv5/hard\libc_nano.a(lib_a-errno.o)
                              Src/syscalls.o (__errno)
c:/st/stm32cubeide_1.0.2/stm32cubeide/plugins/com.st.stm32cube.ide.mcu.externaltools.gnu-tools-for-stm32.7-2018-q2-update.win32_1.0.0.201904181610/tools/bin/../lib/gcc/arm-none-eabi/7.3.1/../../../../arm-none-eabi/lib/thumb/v7e-m/fpv5/hard\libc_nano.a(lib_a-exit.o)
                              c:/st/stm32cubeide_1.0.2/stm32cubeide/plugins/com.st.stm32cube.ide.mcu.externaltools.gnu-tools-for-stm32.7-2018-q2-update.win32_1.0.0.201904181610/tools/bin/../lib/gcc/arm-none-eabi/7.3.1/../../../../arm-none-eabi/lib/thumb/v7e-m/fpv5/hard/crt0.o (exit)
c:/st/stm32cubeide_1.0.2/stm32cubeide/plugins/com.st.stm32cube.ide.mcu.externaltools.gnu-tools-for-stm32.7-2018-q2-update.win32_1.0.0.201904181610/tools/bin/../lib/gcc/arm-none-eabi/7.3.1/../../../../arm-none-eabi/lib/thumb/v7e-m/fpv5/hard\libc_nano.a(lib_a-impure.o)
                              c:/st/stm32cubeide_1.0.2/stm32cubeide/plugins/com.st.stm32cube.ide.mcu.externaltools.gnu-tools-for-stm32.7-2018-q2-update.win32_1.0.0.201904181610/tools/bin/../lib/gcc/arm-none-eabi/7.3.1/../../../../arm-none-eabi/lib/thumb/v7e-m/fpv5/hard\libc_nano.a(lib_a-exit.o) (_global_impure_ptr)
c:/st/stm32cubeide_1.0.2/stm32cubeide/plugins/com.st.stm32cube.ide.mcu.externaltools.gnu-tools-for-stm32.7-2018-q2-update.win32_1.0.0.201904181610/tools/bin/../lib/gcc/arm-none-eabi/7.3.1/../../../../arm-none-eabi/lib/thumb/v7e-m/fpv5/hard\libc_nano.a(lib_a-init.o)
                              c:/st/stm32cubeide_1.0.2/stm32cubeide/plugins/com.st.stm32cube.ide.mcu.externaltools.gnu-tools-for-stm32.7-2018-q2-update.win32_1.0.0.201904181610/tools/bin/../lib/gcc/arm-none-eabi/7.3.1/../../../../arm-none-eabi/lib/thumb/v7e-m/fpv5/hard/crt0.o (__libc_init_array)
c:/st/stm32cubeide_1.0.2/stm32cubeide/plugins/com.st.stm32cube.ide.mcu.externaltools.gnu-tools-for-stm32.7-2018-q2-update.win32_1.0.0.201904181610/tools/bin/../lib/gcc/arm-none-eabi/7.3.1/../../../../arm-none-eabi/lib/thumb/v7e-m/fpv5/hard\libc_nano.a(lib_a-memset.o)
                              c:/st/stm32cubeide_1.0.2/stm32cubeide/plugins/com.st.stm32cube.ide.mcu.externaltools.gnu-tools-for-stm32.7-2018-q2-update.win32_1.0.0.201904181610/tools/bin/../lib/gcc/arm-none-eabi/7.3.1/../../../../arm-none-eabi/lib/thumb/v7e-m/fpv5/hard/crt0.o (memset)
c:/st/stm32cubeide_1.0.2/stm32cubeide/plugins/com.st.stm32cube.ide.mcu.externaltools.gnu-tools-for-stm32.7-2018-q2-update.win32_1.0.0.201904181610/tools/bin/../lib/gcc/arm-none-eabi/7.3.1/thumb/v7e-m/fpv5/hard\libgcc.a(_aeabi_uldivmod.o)
                              Drivers/STM32F7xx_HAL_Driver/stm32f7xx_hal_rcc.o (__aeabi_uldivmod)
c:/st/stm32cubeide_1.0.2/stm32cubeide/plugins/com.st.stm32cube.ide.mcu.externaltools.gnu-tools-for-stm32.7-2018-q2-update.win32_1.0.0.201904181610/tools/bin/../lib/gcc/arm-none-eabi/7.3.1/thumb/v7e-m/fpv5/hard\libgcc.a(_udivmoddi4.o)
                              c:/st/stm32cubeide_1.0.2/stm32cubeide/plugins/com.st.stm32cube.ide.mcu.externaltools.gnu-tools-for-stm32.7-2018-q2-update.win32_1.0.0.201904181610/tools/bin/../lib/gcc/arm-none-eabi/7.3.1/thumb/v7e-m/fpv5/hard\libgcc.a(_aeabi_uldivmod.o) (__udivmoddi4)
c:/st/stm32cubeide_1.0.2/stm32cubeide/plugins/com.st.stm32cube.ide.mcu.externaltools.gnu-tools-for-stm32.7-2018-q2-update.win32_1.0.0.201904181610/tools/bin/../lib/gcc/arm-none-eabi/7.3.1/thumb/v7e-m/fpv5/hard\libgcc.a(_dvmd_tls.o)
                              c:/st/stm32cubeide_1.0.2/stm32cubeide/plugins/com.st.stm32cube.ide.mcu.externaltools.gnu-tools-for-stm32.7-2018-q2-update.win32_1.0.0.201904181610/tools/bin/../lib/gcc/arm-none-eabi/7.3.1/thumb/v7e-m/fpv5/hard\libgcc.a(_aeabi_uldivmod.o) (__aeabi_ldiv0)

Allocating common symbols
Common symbol       size              file

huart3              0x80              Src/main.o
hpcd_USB_OTG_FS     0x404             Src/main.o
uwTick              0x4               Drivers/STM32F7xx_HAL_Driver/stm32f7xx_hal.o
pFlash              0x1c              Drivers/STM32F7xx_HAL_Driver/stm32f7xx_hal_flash.o
heth                0x48              Src/main.o

Discarded input sections

 .text          0x0000000000000000        0x0 c:/st/stm32cubeide_1.0.2/stm32cubeide/plugins/com.st.stm32cube.ide.mcu.externaltools.gnu-tools-for-stm32.7-2018-q2-update.win32_1.0.0.201904181610/tools/bin/../lib/gcc/arm-none-eabi/7.3.1/thumb/v7e-m/fpv5/hard/crti.o
 .data          0x0000000000000000        0x0 c:/st/stm32cubeide_1.0.2/stm32cubeide/plugins/com.st.stm32cube.ide.mcu.externaltools.gnu-tools-for-stm32.7-2018-q2-update.win32_1.0.0.201904181610/tools/bin/../lib/gcc/arm-none-eabi/7.3.1/thumb/v7e-m/fpv5/hard/crti.o
[...]
Memory Configuration

Name             Origin             Length             Attributes
RAM              0x0000000020000000 0x0000000000080000 xrw
FLASH            0x0000000008000000 0x0000000000200000 xr
*default*        0x0000000000000000 0xffffffffffffffff

Linker script and memory map

LOAD c:/st/stm32cubeide_1.0.2/stm32cubeide/plugins/com.st.stm32cube.ide.mcu.externaltools.gnu-tools-for-stm32.7-2018-q2-update.win32_1.0.0.201904181610/tools/bin/../lib/gcc/arm-none-eabi/7.3.1/thumb/v7e-m/fpv5/hard/crti.o
LOAD c:/st/stm32cubeide_1.0.2/stm32cubeide/plugins/com.st.stm32cube.ide.mcu.externaltools.gnu-tools-for-stm32.7-2018-q2-update.win32_1.0.0.201904181610/tools/bin/../lib/gcc/arm-none-eabi/7.3.1/thumb/v7e-m/fpv5/hard/crtbegin.o
LOAD c:/st/stm32cubeide_1.0.2/stm32cubeide/plugins/com.st.stm32cube.ide.mcu.externaltools.gnu-tools-for-stm32.7-2018-q2-update.win32_1.0.0.201904181610/tools/bin/../lib/gcc/arm-none-eabi/7.3.1/../../../../arm-none-eabi/lib/thumb/v7e-m/fpv5/hard/crt0.o
LOAD Drivers/STM32F7xx_HAL_Driver/stm32f7xx_hal.o
LOAD Drivers/STM32F7xx_HAL_Driver/stm32f7xx_hal_cortex.o
LOAD Drivers/STM32F7xx_HAL_Driver/stm32f7xx_hal_dma.o
LOAD Drivers/STM32F7xx_HAL_Driver/stm32f7xx_hal_dma_ex.o
LOAD Drivers/STM32F7xx_HAL_Driver/stm32f7xx_hal_eth.o
LOAD Drivers/STM32F7xx_HAL_Driver/stm32f7xx_hal_exti.o
LOAD Drivers/STM32F7xx_HAL_Driver/stm32f7xx_hal_flash.o
LOAD Drivers/STM32F7xx_HAL_Driver/stm32f7xx_hal_flash_ex.o
LOAD Drivers/STM32F7xx_HAL_Driver/stm32f7xx_hal_gpio.o
LOAD Drivers/STM32F7xx_HAL_Driver/stm32f7xx_hal_i2c.o
LOAD Drivers/STM32F7xx_HAL_Driver/stm32f7xx_hal_i2c_ex.o
LOAD Drivers/STM32F7xx_HAL_Driver/stm32f7xx_hal_pcd.o
LOAD Drivers/STM32F7xx_HAL_Driver/stm32f7xx_hal_pcd_ex.o
LOAD Drivers/STM32F7xx_HAL_Driver/stm32f7xx_hal_pwr.o
LOAD Drivers/STM32F7xx_HAL_Driver/stm32f7xx_hal_pwr_ex.o
LOAD Drivers/STM32F7xx_HAL_Driver/stm32f7xx_hal_rcc.o
LOAD Drivers/STM32F7xx_HAL_Driver/stm32f7xx_hal_rcc_ex.o
LOAD Drivers/STM32F7xx_HAL_Driver/stm32f7xx_hal_tim.o
LOAD Drivers/STM32F7xx_HAL_Driver/stm32f7xx_hal_tim_ex.o
LOAD Drivers/STM32F7xx_HAL_Driver/stm32f7xx_hal_uart.o
LOAD Drivers/STM32F7xx_HAL_Driver/stm32f7xx_hal_uart_ex.o
LOAD Drivers/STM32F7xx_HAL_Driver/stm32f7xx_ll_usb.o
LOAD Src/main.o
LOAD Src/stm32f7xx_hal_msp.o
LOAD Src/stm32f7xx_it.o
LOAD Src/syscalls.o
LOAD Src/sysmem.o
LOAD Src/system_stm32f7xx.o
LOAD Startup/startup_stm32f767zitx.o
START GROUP
LOAD c:/st/stm32cubeide_1.0.2/stm32cubeide/plugins/com.st.stm32cube.ide.mcu.externaltools.gnu-tools-for-stm32.7-2018-q2-update.win32_1.0.0.201904181610/tools/bin/../lib/gcc/arm-none-eabi/7.3.1/../../../../arm-none-eabi/lib/thumb/v7e-m/fpv5/hard\libc_nano.a
LOAD c:/st/stm32cubeide_1.0.2/stm32cubeide/plugins/com.st.stm32cube.ide.mcu.externaltools.gnu-tools-for-stm32.7-2018-q2-update.win32_1.0.0.201904181610/tools/bin/../lib/gcc/arm-none-eabi/7.3.1/../../../../arm-none-eabi/lib/thumb/v7e-m/fpv5/hard\libm.a
END GROUP
START GROUP
LOAD c:/st/stm32cubeide_1.0.2/stm32cubeide/plugins/com.st.stm32cube.ide.mcu.externaltools.gnu-tools-for-stm32.7-2018-q2-update.win32_1.0.0.201904181610/tools/bin/../lib/gcc/arm-none-eabi/7.3.1/thumb/v7e-m/fpv5/hard\libgcc.a
LOAD c:/st/stm32cubeide_1.0.2/stm32cubeide/plugins/com.st.stm32cube.ide.mcu.externaltools.gnu-tools-for-stm32.7-2018-q2-update.win32_1.0.0.201904181610/tools/bin/../lib/gcc/arm-none-eabi/7.3.1/../../../../arm-none-eabi/lib/thumb/v7e-m/fpv5/hard\libc_nano.a
END GROUP
START GROUP
LOAD c:/st/stm32cubeide_1.0.2/stm32cubeide/plugins/com.st.stm32cube.ide.mcu.externaltools.gnu-tools-for-stm32.7-2018-q2-update.win32_1.0.0.201904181610/tools/bin/../lib/gcc/arm-none-eabi/7.3.1/thumb/v7e-m/fpv5/hard\libgcc.a
LOAD c:/st/stm32cubeide_1.0.2/stm32cubeide/plugins/com.st.stm32cube.ide.mcu.externaltools.gnu-tools-for-stm32.7-2018-q2-update.win32_1.0.0.201904181610/tools/bin/../lib/gcc/arm-none-eabi/7.3.1/../../../../arm-none-eabi/lib/thumb/v7e-m/fpv5/hard\libc_nano.a
LOAD c:/st/stm32cubeide_1.0.2/stm32cubeide/plugins/com.st.stm32cube.ide.mcu.externaltools.gnu-tools-for-stm32.7-2018-q2-update.win32_1.0.0.201904181610/tools/bin/../lib/gcc/arm-none-eabi/7.3.1/../../../../arm-none-eabi/lib/thumb/v7e-m/fpv5/hard\libnosys.a
END GROUP
START GROUP
LOAD c:/st/stm32cubeide_1.0.2/stm32cubeide/plugins/com.st.stm32cube.ide.mcu.externaltools.gnu-tools-for-stm32.7-2018-q2-update.win32_1.0.0.201904181610/tools/bin/../lib/gcc/arm-none-eabi/7.3.1/thumb/v7e-m/fpv5/hard\libgcc.a
LOAD c:/st/stm32cubeide_1.0.2/stm32cubeide/plugins/com.st.stm32cube.ide.mcu.externaltools.gnu-tools-for-stm32.7-2018-q2-update.win32_1.0.0.201904181610/tools/bin/../lib/gcc/arm-none-eabi/7.3.1/../../../../arm-none-eabi/lib/thumb/v7e-m/fpv5/hard\libc_nano.a
LOAD c:/st/stm32cubeide_1.0.2/stm32cubeide/plugins/com.st.stm32cube.ide.mcu.externaltools.gnu-tools-for-stm32.7-2018-q2-update.win32_1.0.0.201904181610/tools/bin/../lib/gcc/arm-none-eabi/7.3.1/../../../../arm-none-eabi/lib/thumb/v7e-m/fpv5/hard\libnosys.a
END GROUP
LOAD c:/st/stm32cubeide_1.0.2/stm32cubeide/plugins/com.st.stm32cube.ide.mcu.externaltools.gnu-tools-for-stm32.7-2018-q2-update.win32_1.0.0.201904181610/tools/bin/../lib/gcc/arm-none-eabi/7.3.1/thumb/v7e-m/fpv5/hard/crtend.o
LOAD c:/st/stm32cubeide_1.0.2/stm32cubeide/plugins/com.st.stm32cube.ide.mcu.externaltools.gnu-tools-for-stm32.7-2018-q2-update.win32_1.0.0.201904181610/tools/bin/../lib/gcc/arm-none-eabi/7.3.1/thumb/v7e-m/fpv5/hard/crtn.o
                0x0000000020080000                _estack = 0x20080000
                0x0000000000000200                _Min_Heap_Size = 0x200
                0x0000000000000400                _Min_Stack_Size = 0x400

.isr_vector     0x0000000008000000      0x1f8
                0x0000000008000000                . = ALIGN (0x4)
 *(.isr_vector)
 .isr_vector    0x0000000008000000      0x1f8 Startup/startup_stm32f767zitx.o
                0x0000000008000000                g_pfnVectors
                0x00000000080001f8                . = ALIGN (0x4)

.text           0x00000000080001f8     0x3df0
                0x00000000080001f8                . = ALIGN (0x4)
 *(.text)
 .text          0x00000000080001f8       0x40 c:/st/stm32cubeide_1.0.2/stm32cubeide/plugins/com.st.stm32cube.ide.mcu.externaltools.gnu-tools-for-stm32.7-2018-q2-update.win32_1.0.0.201904181610/tools/bin/../lib/gcc/arm-none-eabi/7.3.1/thumb/v7e-m/fpv5/hard/crtbegin.o
 .text          0x0000000008000238       0x30 c:/st/stm32cubeide_1.0.2/stm32cubeide/plugins/com.st.stm32cube.ide.mcu.externaltools.gnu-tools-for-stm32.7-2018-q2-update.win32_1.0.0.201904181610/tools/bin/../lib/gcc/arm-none-eabi/7.3.1/thumb/v7e-m/fpv5/hard\libgcc.a(_aeabi_uldivmod.o)
                0x0000000008000238                __aeabi_uldivmod
 .text          0x0000000008000268      0x2cc c:/st/stm32cubeide_1.0.2/stm32cubeide/plugins/com.st.stm32cube.ide.mcu.externaltools.gnu-tools-for-stm32.7-2018-q2-update.win32_1.0.0.201904181610/tools/bin/../lib/gcc/arm-none-eabi/7.3.1/thumb/v7e-m/fpv5/hard\libgcc.a(_udivmoddi4.o)
                0x0000000008000268                __udivmoddi4
 .text          0x0000000008000534        0x4 c:/st/stm32cubeide_1.0.2/stm32cubeide/plugins/com.st.stm32cube.ide.mcu.externaltools.gnu-tools-for-stm32.7-2018-q2-update.win32_1.0.0.201904181610/tools/bin/../lib/gcc/arm-none-eabi/7.3.1/thumb/v7e-m/fpv5/hard\libgcc.a(_dvmd_tls.o)
                0x0000000008000534                __aeabi_idiv0
                0x0000000008000534                __aeabi_ldiv0
 *(.text*)
 .text.HAL_Init
                0x0000000008000538       0x1a Drivers/STM32F7xx_HAL_Driver/stm32f7xx_hal.o
                0x0000000008000538                HAL_Init
 *fill*         0x0000000008000552        0x2 
 .text.HAL_InitTick
                0x0000000008000554       0x60 Drivers/STM32F7xx_HAL_Driver/stm32f7xx_hal.o
                0x0000000008000554                HAL_InitTick
 .text.HAL_IncTick
                0x00000000080005b4       0x28 Drivers/STM32F7xx_HAL_Driver/stm32f7xx_hal.o
                0x00000000080005b4                HAL_IncTick
 .text.HAL_GetTick
                0x00000000080005dc       0x18 Drivers/STM32F7xx_HAL_Driver/stm32f7xx_hal.o
                0x00000000080005dc                HAL_GetTick
 .text.HAL_Delay
                0x00000000080005f4       0x44 Drivers/STM32F7xx_HAL_Driver/stm32f7xx_hal.o
                0x00000000080005f4                HAL_Delay
 .text.__NVIC_SetPriorityGrouping
                0x0000000008000638       0x48 Drivers/STM32F7xx_HAL_Driver/stm32f7xx_hal_cortex.o
 .text.__NVIC_GetPriorityGrouping
                0x0000000008000680       0x1c Drivers/STM32F7xx_HAL_Driver/stm32f7xx_hal_cortex.o
 .text.__NVIC_SetPriority
                0x000000000800069c       0x54 Drivers/STM32F7xx_HAL_Driver/stm32f7xx_hal_cortex.o
 .text.NVIC_EncodePriority
                0x00000000080006f0       0x66 Drivers/STM32F7xx_HAL_Driver/stm32f7xx_hal_cortex.o
 *fill*         0x0000000008000756        0x2 
 .text.SysTick_Config
                0x0000000008000758       0x44 Drivers/STM32F7xx_HAL_Driver/stm32f7xx_hal_cortex.o
 .text.HAL_NVIC_SetPriorityGrouping
                0x000000000800079c       0x16 Drivers/STM32F7xx_HAL_Driver/stm32f7xx_hal_cortex.o
                0x000000000800079c                HAL_NVIC_SetPriorityGrouping
 .text.HAL_NVIC_SetPriority
                0x00000000080007b2       0x38 Drivers/STM32F7xx_HAL_Driver/stm32f7xx_hal_cortex.o
                0x00000000080007b2                HAL_NVIC_SetPriority
 .text.HAL_SYSTICK_Config
                0x00000000080007ea       0x18 Drivers/STM32F7xx_HAL_Driver/stm32f7xx_hal_cortex.o
                0x00000000080007ea                HAL_SYSTICK_Config
 *fill*         0x0000000008000802        0x2 
 .text.HAL_ETH_Init
                0x0000000008000804      0x338 Drivers/STM32F7xx_HAL_Driver/stm32f7xx_hal_eth.o
                0x0000000008000804                HAL_ETH_Init
 .text.HAL_ETH_ReadPHYRegister
                0x0000000008000b3c       0xd0 Drivers/STM32F7xx_HAL_Driver/stm32f7xx_hal_eth.o
                0x0000000008000b3c                HAL_ETH_ReadPHYRegister
 .text.HAL_ETH_WritePHYRegister
                0x0000000008000c0c       0xcc Drivers/STM32F7xx_HAL_Driver/stm32f7xx_hal_eth.o
                0x0000000008000c0c                HAL_ETH_WritePHYRegister
 .text.ETH_MACDMAConfig
                0x0000000008000cd8      0x394 Drivers/STM32F7xx_HAL_Driver/stm32f7xx_hal_eth.o
 .text.ETH_MACAddressConfig
                0x000000000800106c       0x70 Drivers/STM32F7xx_HAL_Driver/stm32f7xx_hal_eth.o
 .text.HAL_GPIO_Init
                0x00000000080010dc      0x354 Drivers/STM32F7xx_HAL_Driver/stm32f7xx_hal_gpio.o
                0x00000000080010dc                HAL_GPIO_Init
 .text.HAL_GPIO_ReadPin
                0x0000000008001430       0x30 Drivers/STM32F7xx_HAL_Driver/stm32f7xx_hal_gpio.o
                0x0000000008001430                HAL_GPIO_ReadPin
 .text.HAL_GPIO_WritePin
                0x0000000008001460       0x32 Drivers/STM32F7xx_HAL_Driver/stm32f7xx_hal_gpio.o
                0x0000000008001460                HAL_GPIO_WritePin
 .text.HAL_PCD_Init
                0x0000000008001492      0x230 Drivers/STM32F7xx_HAL_Driver/stm32f7xx_hal_pcd.o
                0x0000000008001492                HAL_PCD_Init
 *fill*         0x00000000080016c2        0x2 
 .text.HAL_PCDEx_ActivateLPM
                0x00000000080016c4       0x48 Drivers/STM32F7xx_HAL_Driver/stm32f7xx_hal_pcd_ex.o
                0x00000000080016c4                HAL_PCDEx_ActivateLPM
 .text.HAL_PWR_EnableBkUpAccess
                0x000000000800170c       0x20 Drivers/STM32F7xx_HAL_Driver/stm32f7xx_hal_pwr.o
                0x000000000800170c                HAL_PWR_EnableBkUpAccess
 .text.HAL_PWREx_EnableOverDrive
                0x000000000800172c       0xa0 Drivers/STM32F7xx_HAL_Driver/stm32f7xx_hal_pwr_ex.o
                0x000000000800172c                HAL_PWREx_EnableOverDrive
 .text.HAL_RCC_OscConfig
                0x00000000080017cc      0x4e4 Drivers/STM32F7xx_HAL_Driver/stm32f7xx_hal_rcc.o
                0x00000000080017cc                HAL_RCC_OscConfig
 .text.HAL_RCC_ClockConfig
                0x0000000008001cb0      0x1d0 Drivers/STM32F7xx_HAL_Driver/stm32f7xx_hal_rcc.o
                0x0000000008001cb0                HAL_RCC_ClockConfig
 .text.HAL_RCC_GetSysClockFreq
                0x0000000008001e80      0x1b0 Drivers/STM32F7xx_HAL_Driver/stm32f7xx_hal_rcc.o
                0x0000000008001e80                HAL_RCC_GetSysClockFreq
 .text.HAL_RCC_GetHCLKFreq
                0x0000000008002030       0x18 Drivers/STM32F7xx_HAL_Driver/stm32f7xx_hal_rcc.o
                0x0000000008002030                HAL_RCC_GetHCLKFreq
 .text.HAL_RCC_GetPCLK1Freq
                0x0000000008002048       0x28 Drivers/STM32F7xx_HAL_Driver/stm32f7xx_hal_rcc.o
                0x0000000008002048                HAL_RCC_GetPCLK1Freq
 .text.HAL_RCC_GetPCLK2Freq
                0x0000000008002070       0x28 Drivers/STM32F7xx_HAL_Driver/stm32f7xx_hal_rcc.o
                0x0000000008002070                HAL_RCC_GetPCLK2Freq
 .text.HAL_RCCEx_PeriphCLKConfig
                0x0000000008002098      0x84c Drivers/STM32F7xx_HAL_Driver/stm32f7xx_hal_rcc_ex.o
                0x0000000008002098                HAL_RCCEx_PeriphCLKConfig
 .text.HAL_UART_Init
                0x00000000080028e4       0x9c Drivers/STM32F7xx_HAL_Driver/stm32f7xx_hal_uart.o
                0x00000000080028e4                HAL_UART_Init
 .text.UART_SetConfig
                0x0000000008002980      0x548 Drivers/STM32F7xx_HAL_Driver/stm32f7xx_hal_uart.o
                0x0000000008002980                UART_SetConfig
 .text.UART_AdvFeatureConfig
                0x0000000008002ec8      0x144 Drivers/STM32F7xx_HAL_Driver/stm32f7xx_hal_uart.o
                0x0000000008002ec8                UART_AdvFeatureConfig
 .text.UART_CheckIdleState
                0x000000000800300c       0x5e Drivers/STM32F7xx_HAL_Driver/stm32f7xx_hal_uart.o
                0x000000000800300c                UART_CheckIdleState
 .text.UART_WaitOnFlagUntilTimeout
                0x000000000800306a       0x90 Drivers/STM32F7xx_HAL_Driver/stm32f7xx_hal_uart.o
                0x000000000800306a                UART_WaitOnFlagUntilTimeout
 *fill*         0x00000000080030fa        0x2 
 .text.USB_CoreInit
                0x00000000080030fc       0xb0 Drivers/STM32F7xx_HAL_Driver/stm32f7xx_ll_usb.o
                0x00000000080030fc                USB_CoreInit
 .text.USB_DisableGlobalInt
                0x00000000080031ac       0x22 Drivers/STM32F7xx_HAL_Driver/stm32f7xx_ll_usb.o
                0x00000000080031ac                USB_DisableGlobalInt
 .text.USB_SetCurrentMode
                0x00000000080031ce       0x54 Drivers/STM32F7xx_HAL_Driver/stm32f7xx_ll_usb.o
                0x00000000080031ce                USB_SetCurrentMode
 *fill*         0x0000000008003222        0x2 
 .text.USB_DevInit
                0x0000000008003224      0x2f8 Drivers/STM32F7xx_HAL_Driver/stm32f7xx_ll_usb.o
                0x0000000008003224                USB_DevInit
 .text.USB_FlushTxFifo
                0x000000000800351c       0x4c Drivers/STM32F7xx_HAL_Driver/stm32f7xx_ll_usb.o
                0x000000000800351c                USB_FlushTxFifo
 .text.USB_FlushRxFifo
                0x0000000008003568       0x44 Drivers/STM32F7xx_HAL_Driver/stm32f7xx_ll_usb.o
                0x0000000008003568                USB_FlushRxFifo
 .text.USB_SetDevSpeed
                0x00000000080035ac       0x32 Drivers/STM32F7xx_HAL_Driver/stm32f7xx_ll_usb.o
                0x00000000080035ac                USB_SetDevSpeed
 .text.USB_DevDisconnect
                0x00000000080035de       0x30 Drivers/STM32F7xx_HAL_Driver/stm32f7xx_ll_usb.o
                0x00000000080035de                USB_DevDisconnect
 *fill*         0x000000000800360e        0x2 
 .text.USB_CoreReset
                0x0000000008003610       0x68 Drivers/STM32F7xx_HAL_Driver/stm32f7xx_ll_usb.o
 .text.main     0x0000000008003678       0xc0 Src/main.o
                0x0000000008003678                main
 .text.SystemClock_Config
                0x0000000008003738      0x12c Src/main.o
                0x0000000008003738                SystemClock_Config
 .text.MX_ETH_Init
                0x0000000008003864       0x6c Src/main.o
 .text.MX_USART3_UART_Init
                0x00000000080038d0       0x60 Src/main.o
 .text.MX_USB_OTG_FS_PCD_Init
                0x0000000008003930       0x5c Src/main.o
 .text.MX_GPIO_Init
                0x000000000800398c      0x140 Src/main.o
 .text.init_blink
                0x0000000008003acc       0x26 Src/main.o
                0x0000000008003acc                init_blink
 .text.blink    0x0000000008003af2       0x64 Src/main.o
                0x0000000008003af2                blink
 .text.Error_Handler
                0x0000000008003b56        0xe Src/main.o
                0x0000000008003b56                Error_Handler
 .text.HAL_MspInit
                0x0000000008003b64       0x48 Src/stm32f7xx_hal_msp.o
                0x0000000008003b64                HAL_MspInit
 .text.HAL_ETH_MspInit
                0x0000000008003bac      0x170 Src/stm32f7xx_hal_msp.o
                0x0000000008003bac                HAL_ETH_MspInit
 .text.HAL_UART_MspInit
                0x0000000008003d1c       0x88 Src/stm32f7xx_hal_msp.o
                0x0000000008003d1c                HAL_UART_MspInit
 .text.HAL_PCD_MspInit
                0x0000000008003da4       0xb8 Src/stm32f7xx_hal_msp.o
                0x0000000008003da4                HAL_PCD_MspInit
 .text.NMI_Handler
                0x0000000008003e5c        0xe Src/stm32f7xx_it.o
                0x0000000008003e5c                NMI_Handler
 .text.HardFault_Handler
                0x0000000008003e6a        0x6 Src/stm32f7xx_it.o
                0x0000000008003e6a                HardFault_Handler
 .text.MemManage_Handler
                0x0000000008003e70        0x6 Src/stm32f7xx_it.o
                0x0000000008003e70                MemManage_Handler
 .text.BusFault_Handler
                0x0000000008003e76        0x6 Src/stm32f7xx_it.o
                0x0000000008003e76                BusFault_Handler
 .text.UsageFault_Handler
                0x0000000008003e7c        0x6 Src/stm32f7xx_it.o
                0x0000000008003e7c                UsageFault_Handler
 .text.SVC_Handler
                0x0000000008003e82        0xe Src/stm32f7xx_it.o
                0x0000000008003e82                SVC_Handler
 .text.DebugMon_Handler
                0x0000000008003e90        0xe Src/stm32f7xx_it.o
                0x0000000008003e90                DebugMon_Handler
 .text.PendSV_Handler
                0x0000000008003e9e        0xe Src/stm32f7xx_it.o
                0x0000000008003e9e                PendSV_Handler
 .text.SysTick_Handler
                0x0000000008003eac        0xc Src/stm32f7xx_it.o
                0x0000000008003eac                SysTick_Handler
 .text.SystemInit
                0x0000000008003eb8       0x6c Src/system_stm32f7xx.o
                0x0000000008003eb8                SystemInit
 .text.Reset_Handler
                0x0000000008003f24       0x50 Startup/startup_stm32f767zitx.o
                0x0000000008003f24                Reset_Handler
 .text.Default_Handler
                0x0000000008003f74        0x2 Startup/startup_stm32f767zitx.o
                0x0000000008003f74                RTC_Alarm_IRQHandler
                0x0000000008003f74                EXTI2_IRQHandler
                0x0000000008003f74                TIM8_CC_IRQHandler
                0x0000000008003f74                UART8_IRQHandler
                0x0000000008003f74                SPI4_IRQHandler
                0x0000000008003f74                TIM1_CC_IRQHandler
                0x0000000008003f74                DMA2_Stream5_IRQHandler
                0x0000000008003f74                JPEG_IRQHandler
                0x0000000008003f74                DMA1_Stream5_IRQHandler
                0x0000000008003f74                CAN3_RX1_IRQHandler
                0x0000000008003f74                PVD_IRQHandler
                0x0000000008003f74                TAMP_STAMP_IRQHandler
                0x0000000008003f74                CAN2_RX1_IRQHandler
                0x0000000008003f74                EXTI3_IRQHandler
                0x0000000008003f74                TIM8_TRG_COM_TIM14_IRQHandler
                0x0000000008003f74                DFSDM1_FLT1_IRQHandler
                0x0000000008003f74                TIM1_UP_TIM10_IRQHandler
                0x0000000008003f74                TIM8_UP_TIM13_IRQHandler
                0x0000000008003f74                I2C3_ER_IRQHandler
                0x0000000008003f74                DFSDM1_FLT2_IRQHandler
                0x0000000008003f74                EXTI0_IRQHandler
                0x0000000008003f74                I2C2_EV_IRQHandler
                0x0000000008003f74                DMA1_Stream2_IRQHandler
                0x0000000008003f74                CAN1_RX0_IRQHandler
                0x0000000008003f74                FPU_IRQHandler
                0x0000000008003f74                OTG_HS_WKUP_IRQHandler
                0x0000000008003f74                CAN3_SCE_IRQHandler
                0x0000000008003f74                LTDC_ER_IRQHandler
                0x0000000008003f74                CAN2_SCE_IRQHandler
                0x0000000008003f74                DMA2_Stream2_IRQHandler
                0x0000000008003f74                SPI1_IRQHandler
                0x0000000008003f74                TIM6_DAC_IRQHandler
                0x0000000008003f74                TIM1_BRK_TIM9_IRQHandler
                0x0000000008003f74                DCMI_IRQHandler
                0x0000000008003f74                CAN2_RX0_IRQHandler
                0x0000000008003f74                DMA2_Stream3_IRQHandler
                0x0000000008003f74                SAI2_IRQHandler
                0x0000000008003f74                DFSDM1_FLT3_IRQHandler
                0x0000000008003f74                USART6_IRQHandler
                0x0000000008003f74                CAN3_RX0_IRQHandler
                0x0000000008003f74                USART3_IRQHandler
                0x0000000008003f74                CAN1_RX1_IRQHandler
                0x0000000008003f74                UART5_IRQHandler
                0x0000000008003f74                DMA2_Stream0_IRQHandler
                0x0000000008003f74                TIM4_IRQHandler
                0x0000000008003f74                QUADSPI_IRQHandler
                0x0000000008003f74                I2C1_EV_IRQHandler
                0x0000000008003f74                DMA1_Stream6_IRQHandler
                0x0000000008003f74                DMA1_Stream1_IRQHandler
                0x0000000008003f74                UART4_IRQHandler
                0x0000000008003f74                TIM3_IRQHandler
                0x0000000008003f74                RCC_IRQHandler
                0x0000000008003f74                TIM8_BRK_TIM12_IRQHandler
                0x0000000008003f74                Default_Handler
                0x0000000008003f74                CEC_IRQHandler
                0x0000000008003f74                EXTI15_10_IRQHandler
                0x0000000008003f74                ADC_IRQHandler
                0x0000000008003f74                DMA1_Stream7_IRQHandler
                0x0000000008003f74                SPI5_IRQHandler
                0x0000000008003f74                TIM7_IRQHandler
                0x0000000008003f74                SDMMC1_IRQHandler
                0x0000000008003f74                CAN2_TX_IRQHandler
                0x0000000008003f74                TIM5_IRQHandler
                0x0000000008003f74                DMA2_Stream7_IRQHandler
                0x0000000008003f74                I2C3_EV_IRQHandler
                0x0000000008003f74                EXTI9_5_IRQHandler
                0x0000000008003f74                RTC_WKUP_IRQHandler
                0x0000000008003f74                LTDC_IRQHandler
                0x0000000008003f74                ETH_WKUP_IRQHandler
                0x0000000008003f74                SPDIF_RX_IRQHandler
                0x0000000008003f74                SPI2_IRQHandler
                0x0000000008003f74                OTG_HS_EP1_IN_IRQHandler
                0x0000000008003f74                DMA1_Stream0_IRQHandler
                0x0000000008003f74                CAN1_TX_IRQHandler
                0x0000000008003f74                EXTI4_IRQHandler
                0x0000000008003f74                RNG_IRQHandler
                0x0000000008003f74                ETH_IRQHandler
                0x0000000008003f74                OTG_HS_EP1_OUT_IRQHandler
                0x0000000008003f74                WWDG_IRQHandler
                0x0000000008003f74                SPI6_IRQHandler
                0x0000000008003f74                MDIOS_IRQHandler
                0x0000000008003f74                I2C4_EV_IRQHandler
                0x0000000008003f74                CAN3_TX_IRQHandler
                0x0000000008003f74                TIM2_IRQHandler
                0x0000000008003f74                OTG_FS_WKUP_IRQHandler
                0x0000000008003f74                TIM1_TRG_COM_TIM11_IRQHandler
                0x0000000008003f74                OTG_HS_IRQHandler
                0x0000000008003f74                DMA2D_IRQHandler
                0x0000000008003f74                EXTI1_IRQHandler
                0x0000000008003f74                SDMMC2_IRQHandler
                0x0000000008003f74                UART7_IRQHandler
                0x0000000008003f74                USART2_IRQHandler
                0x0000000008003f74                DFSDM1_FLT0_IRQHandler
                0x0000000008003f74                I2C2_ER_IRQHandler
                0x0000000008003f74                DMA2_Stream1_IRQHandler
                0x0000000008003f74                CAN1_SCE_IRQHandler
                0x0000000008003f74                FLASH_IRQHandler
                0x0000000008003f74                DMA2_Stream4_IRQHandler
                0x0000000008003f74                USART1_IRQHandler
                0x0000000008003f74                OTG_FS_IRQHandler
                0x0000000008003f74                SPI3_IRQHandler
                0x0000000008003f74                DMA1_Stream4_IRQHandler
                0x0000000008003f74                I2C1_ER_IRQHandler
                0x0000000008003f74                FMC_IRQHandler
                0x0000000008003f74                LPTIM1_IRQHandler
                0x0000000008003f74                I2C4_ER_IRQHandler
                0x0000000008003f74                DMA2_Stream6_IRQHandler
                0x0000000008003f74                SAI1_IRQHandler
                0x0000000008003f74                DMA1_Stream3_IRQHandler
 *fill*         0x0000000008003f76        0x2 
 .text.__libc_init_array
                0x0000000008003f78       0x48 c:/st/stm32cubeide_1.0.2/stm32cubeide/plugins/com.st.stm32cube.ide.mcu.externaltools.gnu-tools-for-stm32.7-2018-q2-update.win32_1.0.0.201904181610/tools/bin/../lib/gcc/arm-none-eabi/7.3.1/../../../../arm-none-eabi/lib/thumb/v7e-m/fpv5/hard\libc_nano.a(lib_a-init.o)
                0x0000000008003f78                __libc_init_array
 .text.memset   0x0000000008003fc0       0x10 c:/st/stm32cubeide_1.0.2/stm32cubeide/plugins/com.st.stm32cube.ide.mcu.externaltools.gnu-tools-for-stm32.7-2018-q2-update.win32_1.0.0.201904181610/tools/bin/../lib/gcc/arm-none-eabi/7.3.1/../../../../arm-none-eabi/lib/thumb/v7e-m/fpv5/hard\libc_nano.a(lib_a-memset.o)
                0x0000000008003fc0                memset
 *(.glue_7)
 .glue_7        0x0000000008003fd0        0x0 linker stubs
 *(.glue_7t)
 .glue_7t       0x0000000008003fd0        0x0 linker stubs
 *(.eh_frame)
 .eh_frame      0x0000000008003fd0        0x0 c:/st/stm32cubeide_1.0.2/stm32cubeide/plugins/com.st.stm32cube.ide.mcu.externaltools.gnu-tools-for-stm32.7-2018-q2-update.win32_1.0.0.201904181610/tools/bin/../lib/gcc/arm-none-eabi/7.3.1/thumb/v7e-m/fpv5/hard/crtbegin.o
 *(.init)
 .init          0x0000000008003fd0        0x4 c:/st/stm32cubeide_1.0.2/stm32cubeide/plugins/com.st.stm32cube.ide.mcu.externaltools.gnu-tools-for-stm32.7-2018-q2-update.win32_1.0.0.201904181610/tools/bin/../lib/gcc/arm-none-eabi/7.3.1/thumb/v7e-m/fpv5/hard/crti.o
                0x0000000008003fd0                _init
 .init          0x0000000008003fd4        0x8 c:/st/stm32cubeide_1.0.2/stm32cubeide/plugins/com.st.stm32cube.ide.mcu.externaltools.gnu-tools-for-stm32.7-2018-q2-update.win32_1.0.0.201904181610/tools/bin/../lib/gcc/arm-none-eabi/7.3.1/thumb/v7e-m/fpv5/hard/crtn.o
 *(.fini)
 .fini          0x0000000008003fdc        0x4 c:/st/stm32cubeide_1.0.2/stm32cubeide/plugins/com.st.stm32cube.ide.mcu.externaltools.gnu-tools-for-stm32.7-2018-q2-update.win32_1.0.0.201904181610/tools/bin/../lib/gcc/arm-none-eabi/7.3.1/thumb/v7e-m/fpv5/hard/crti.o
                0x0000000008003fdc                _fini
 .fini          0x0000000008003fe0        0x8 c:/st/stm32cubeide_1.0.2/stm32cubeide/plugins/com.st.stm32cube.ide.mcu.externaltools.gnu-tools-for-stm32.7-2018-q2-update.win32_1.0.0.201904181610/tools/bin/../lib/gcc/arm-none-eabi/7.3.1/thumb/v7e-m/fpv5/hard/crtn.o
                0x0000000008003fe8                . = ALIGN (0x4)
                0x0000000008003fe8                _etext = .

.vfp11_veneer   0x0000000008003fe8        0x0
 .vfp11_veneer  0x0000000008003fe8        0x0 linker stubs

.v4_bx          0x0000000008003fe8        0x0
 .v4_bx         0x0000000008003fe8        0x0 linker stubs

.iplt           0x0000000008003fe8        0x0
 .iplt          0x0000000008003fe8        0x0 c:/st/stm32cubeide_1.0.2/stm32cubeide/plugins/com.st.stm32cube.ide.mcu.externaltools.gnu-tools-for-stm32.7-2018-q2-update.win32_1.0.0.201904181610/tools/bin/../lib/gcc/arm-none-eabi/7.3.1/thumb/v7e-m/fpv5/hard/crtbegin.o

.rodata         0x0000000008003fe8       0x18
                0x0000000008003fe8                . = ALIGN (0x4)
 *(.rodata)
 *(.rodata*)
 .rodata.AHBPrescTable
                0x0000000008003fe8       0x10 Src/system_stm32f7xx.o
                0x0000000008003fe8                AHBPrescTable
 .rodata.APBPrescTable
                0x0000000008003ff8        0x8 Src/system_stm32f7xx.o
                0x0000000008003ff8                APBPrescTable
                0x0000000008004000                . = ALIGN (0x4)

.ARM.extab      0x0000000008004000        0x0
                0x0000000008004000                . = ALIGN (0x4)
 *(.ARM.extab* .gnu.linkonce.armextab.*)
                0x0000000008004000                . = ALIGN (0x4)

.ARM            0x0000000008004000        0x8
                0x0000000008004000                . = ALIGN (0x4)
                0x0000000008004000                __exidx_start = .
 *(.ARM.exidx*)
 .ARM.exidx     0x0000000008004000        0x8 c:/st/stm32cubeide_1.0.2/stm32cubeide/plugins/com.st.stm32cube.ide.mcu.externaltools.gnu-tools-for-stm32.7-2018-q2-update.win32_1.0.0.201904181610/tools/bin/../lib/gcc/arm-none-eabi/7.3.1/thumb/v7e-m/fpv5/hard\libgcc.a(_udivmoddi4.o)
                0x0000000008004008                __exidx_end = .
                0x0000000008004008                . = ALIGN (0x4)

.rel.dyn        0x0000000008004008        0x0
 .rel.iplt      0x0000000008004008        0x0 c:/st/stm32cubeide_1.0.2/stm32cubeide/plugins/com.st.stm32cube.ide.mcu.externaltools.gnu-tools-for-stm32.7-2018-q2-update.win32_1.0.0.201904181610/tools/bin/../lib/gcc/arm-none-eabi/7.3.1/thumb/v7e-m/fpv5/hard/crtbegin.o

.preinit_array  0x0000000008004008        0x0
                0x0000000008004008                . = ALIGN (0x4)
                0x0000000008004008                PROVIDE (__preinit_array_start = .)
 *(.preinit_array*)
                0x0000000008004008                PROVIDE (__preinit_array_end = .)
                0x0000000008004008                . = ALIGN (0x4)

.init_array     0x0000000008004008        0x4
                0x0000000008004008                . = ALIGN (0x4)
                0x0000000008004008                PROVIDE (__init_array_start = .)
 *(SORT_BY_NAME(.init_array.*))
 *(.init_array*)
 .init_array    0x0000000008004008        0x4 c:/st/stm32cubeide_1.0.2/stm32cubeide/plugins/com.st.stm32cube.ide.mcu.externaltools.gnu-tools-for-stm32.7-2018-q2-update.win32_1.0.0.201904181610/tools/bin/../lib/gcc/arm-none-eabi/7.3.1/thumb/v7e-m/fpv5/hard/crtbegin.o
                0x000000000800400c                PROVIDE (__init_array_end = .)
                0x000000000800400c                . = ALIGN (0x4)

.fini_array     0x000000000800400c        0x4
                0x000000000800400c                . = ALIGN (0x4)
                [!provide]                        PROVIDE (__fini_array_start = .)
 *(SORT_BY_NAME(.fini_array.*))
 *(.fini_array*)
 .fini_array    0x000000000800400c        0x4 c:/st/stm32cubeide_1.0.2/stm32cubeide/plugins/com.st.stm32cube.ide.mcu.externaltools.gnu-tools-for-stm32.7-2018-q2-update.win32_1.0.0.201904181610/tools/bin/../lib/gcc/arm-none-eabi/7.3.1/thumb/v7e-m/fpv5/hard/crtbegin.o
                [!provide]                        PROVIDE (__fini_array_end = .)
                0x0000000008004010                . = ALIGN (0x4)
                0x0000000008004010                _sidata = LOADADDR (.data)

.data           0x0000000020000000        0xc load address 0x0000000008004010
                0x0000000020000000                . = ALIGN (0x4)
                0x0000000020000000                _sdata = .
 *(.data)
 *(.data*)
 .data.uwTickPrio
                0x0000000020000000        0x4 Drivers/STM32F7xx_HAL_Driver/stm32f7xx_hal.o
                0x0000000020000000                uwTickPrio
 .data.uwTickFreq
                0x0000000020000004        0x1 Drivers/STM32F7xx_HAL_Driver/stm32f7xx_hal.o
                0x0000000020000004                uwTickFreq
 *fill*         0x0000000020000005        0x3 
 .data.SystemCoreClock
                0x0000000020000008        0x4 Src/system_stm32f7xx.o
                0x0000000020000008                SystemCoreClock
                0x000000002000000c                . = ALIGN (0x4)
                0x000000002000000c                _edata = .

.igot.plt       0x000000002000000c        0x0 load address 0x000000000800401c
 .igot.plt      0x000000002000000c        0x0 c:/st/stm32cubeide_1.0.2/stm32cubeide/plugins/com.st.stm32cube.ide.mcu.externaltools.gnu-tools-for-stm32.7-2018-q2-update.win32_1.0.0.201904181610/tools/bin/../lib/gcc/arm-none-eabi/7.3.1/thumb/v7e-m/fpv5/hard/crtbegin.o
                0x000000002000000c                . = ALIGN (0x4)

.bss            0x000000002000000c      0x4ec load address 0x000000000800401c
                0x000000002000000c                _sbss = .
                0x000000002000000c                __bss_start__ = _sbss
 *(.bss)
 .bss           0x000000002000000c       0x1c c:/st/stm32cubeide_1.0.2/stm32cubeide/plugins/com.st.stm32cube.ide.mcu.externaltools.gnu-tools-for-stm32.7-2018-q2-update.win32_1.0.0.201904181610/tools/bin/../lib/gcc/arm-none-eabi/7.3.1/thumb/v7e-m/fpv5/hard/crtbegin.o
 *(.bss*)
 *(COMMON)
 COMMON         0x0000000020000028        0x4 Drivers/STM32F7xx_HAL_Driver/stm32f7xx_hal.o
                0x0000000020000028                uwTick
 COMMON         0x000000002000002c      0x4cc Src/main.o
                0x000000002000002c                huart3
                0x00000000200000ac                hpcd_USB_OTG_FS
                0x00000000200004b0                heth
                0x00000000200004f8                . = ALIGN (0x4)
                0x00000000200004f8                _ebss = .
                0x00000000200004f8                __bss_end__ = _ebss

._user_heap_stack
                0x00000000200004f8      0x600 load address 0x000000000800401c
                0x00000000200004f8                . = ALIGN (0x8)
                0x00000000200004f8                PROVIDE (end = .)
                [!provide]                        PROVIDE (_end = .)
                0x00000000200006f8                . = (. + _Min_Heap_Size)
 *fill*         0x00000000200004f8      0x200 
                0x0000000020000af8                . = (. + _Min_Stack_Size)
 *fill*         0x00000000200006f8      0x400 
                0x0000000020000af8                . = ALIGN (0x8)

/DISCARD/
 libc.a(*)
 libm.a(*)
 libgcc.a(*)

.ARM.attributes
                0x0000000000000000       0x2e
 *(.ARM.attributes)
 .ARM.attributes
                0x0000000000000000       0x20 c:/st/stm32cubeide_1.0.2/stm32cubeide/plugins/com.st.stm32cube.ide.mcu.externaltools.gnu-tools-for-stm32.7-2018-q2-update.win32_1.0.0.201904181610/tools/bin/../lib/gcc/arm-none-eabi/7.3.1/thumb/v7e-m/fpv5/hard/crti.o
 .ARM.attributes
                0x0000000000000020       0x32 c:/st/stm32cubeide_1.0.2/stm32cubeide/plugins/com.st.stm32cube.ide.mcu.externaltools.gnu-tools-for-stm32.7-2018-q2-update.win32_1.0.0.201904181610/tools/bin/../lib/gcc/arm-none-eabi/7.3.1/thumb/v7e-m/fpv5/hard/crtbegin.o
 .ARM.attributes
                0x0000000000000052       0x37 Drivers/STM32F7xx_HAL_Driver/stm32f7xx_hal.o
 .ARM.attributes
                0x0000000000000089       0x37 Drivers/STM32F7xx_HAL_Driver/stm32f7xx_hal_cortex.o
 .ARM.attributes
                0x00000000000000c0       0x37 Drivers/STM32F7xx_HAL_Driver/stm32f7xx_hal_eth.o
 .ARM.attributes
                0x00000000000000f7       0x37 Drivers/STM32F7xx_HAL_Driver/stm32f7xx_hal_gpio.o
 .ARM.attributes
                0x000000000000012e       0x37 Drivers/STM32F7xx_HAL_Driver/stm32f7xx_hal_pcd.o
 .ARM.attributes
                0x0000000000000165       0x37 Drivers/STM32F7xx_HAL_Driver/stm32f7xx_hal_pcd_ex.o
 .ARM.attributes
                0x000000000000019c       0x37 Drivers/STM32F7xx_HAL_Driver/stm32f7xx_hal_pwr.o
 .ARM.attributes
                0x00000000000001d3       0x37 Drivers/STM32F7xx_HAL_Driver/stm32f7xx_hal_pwr_ex.o
 .ARM.attributes
                0x000000000000020a       0x37 Drivers/STM32F7xx_HAL_Driver/stm32f7xx_hal_rcc.o
 .ARM.attributes
                0x0000000000000241       0x37 Drivers/STM32F7xx_HAL_Driver/stm32f7xx_hal_rcc_ex.o
 .ARM.attributes
                0x0000000000000278       0x37 Drivers/STM32F7xx_HAL_Driver/stm32f7xx_hal_uart.o
 .ARM.attributes
                0x00000000000002af       0x37 Drivers/STM32F7xx_HAL_Driver/stm32f7xx_ll_usb.o
 .ARM.attributes
                0x00000000000002e6       0x37 Src/main.o
 .ARM.attributes
                0x000000000000031d       0x37 Src/stm32f7xx_hal_msp.o
 .ARM.attributes
                0x0000000000000354       0x37 Src/stm32f7xx_it.o
 .ARM.attributes
                0x000000000000038b       0x37 Src/system_stm32f7xx.o
 .ARM.attributes
                0x00000000000003c2       0x21 Startup/startup_stm32f767zitx.o
 .ARM.attributes
                0x00000000000003e3       0x32 c:/st/stm32cubeide_1.0.2/stm32cubeide/plugins/com.st.stm32cube.ide.mcu.externaltools.gnu-tools-for-stm32.7-2018-q2-update.win32_1.0.0.201904181610/tools/bin/../lib/gcc/arm-none-eabi/7.3.1/../../../../arm-none-eabi/lib/thumb/v7e-m/fpv5/hard\libc_nano.a(lib_a-init.o)
 .ARM.attributes
                0x0000000000000415       0x32 c:/st/stm32cubeide_1.0.2/stm32cubeide/plugins/com.st.stm32cube.ide.mcu.externaltools.gnu-tools-for-stm32.7-2018-q2-update.win32_1.0.0.201904181610/tools/bin/../lib/gcc/arm-none-eabi/7.3.1/../../../../arm-none-eabi/lib/thumb/v7e-m/fpv5/hard\libc_nano.a(lib_a-memset.o)
 .ARM.attributes
                0x0000000000000447       0x20 c:/st/stm32cubeide_1.0.2/stm32cubeide/plugins/com.st.stm32cube.ide.mcu.externaltools.gnu-tools-for-stm32.7-2018-q2-update.win32_1.0.0.201904181610/tools/bin/../lib/gcc/arm-none-eabi/7.3.1/thumb/v7e-m/fpv5/hard\libgcc.a(_aeabi_uldivmod.o)
 .ARM.attributes
                0x0000000000000467       0x32 c:/st/stm32cubeide_1.0.2/stm32cubeide/plugins/com.st.stm32cube.ide.mcu.externaltools.gnu-tools-for-stm32.7-2018-q2-update.win32_1.0.0.201904181610/tools/bin/../lib/gcc/arm-none-eabi/7.3.1/thumb/v7e-m/fpv5/hard\libgcc.a(_udivmoddi4.o)
 .ARM.attributes
                0x0000000000000499       0x20 c:/st/stm32cubeide_1.0.2/stm32cubeide/plugins/com.st.stm32cube.ide.mcu.externaltools.gnu-tools-for-stm32.7-2018-q2-update.win32_1.0.0.201904181610/tools/bin/../lib/gcc/arm-none-eabi/7.3.1/thumb/v7e-m/fpv5/hard\libgcc.a(_dvmd_tls.o)
 .ARM.attributes
                0x00000000000004b9       0x20 c:/st/stm32cubeide_1.0.2/stm32cubeide/plugins/com.st.stm32cube.ide.mcu.externaltools.gnu-tools-for-stm32.7-2018-q2-update.win32_1.0.0.201904181610/tools/bin/../lib/gcc/arm-none-eabi/7.3.1/thumb/v7e-m/fpv5/hard/crtn.o
OUTPUT(Lab-01.elf elf32-littlearm)

.debug_info     0x0000000000000000     0xdefc
 .debug_info    0x0000000000000000      0xa37 Drivers/STM32F7xx_HAL_Driver/stm32f7xx_hal.o
 .debug_info    0x0000000000000a37     0x108c Drivers/STM32F7xx_HAL_Driver/stm32f7xx_hal_cortex.o
 .debug_info    0x0000000000001ac3     0x14a9 Drivers/STM32F7xx_HAL_Driver/stm32f7xx_hal_eth.o
 .debug_info    0x0000000000002f6c      0x7e9 Drivers/STM32F7xx_HAL_Driver/stm32f7xx_hal_gpio.o
 .debug_info    0x0000000000003755     0x1139 Drivers/STM32F7xx_HAL_Driver/stm32f7xx_hal_pcd.o
 .debug_info    0x000000000000488e      0x810 Drivers/STM32F7xx_HAL_Driver/stm32f7xx_hal_pcd_ex.o
 .debug_info    0x000000000000509e      0x9b4 Drivers/STM32F7xx_HAL_Driver/stm32f7xx_hal_pwr.o
 .debug_info    0x0000000000005a52      0x96b Drivers/STM32F7xx_HAL_Driver/stm32f7xx_hal_pwr_ex.o
 .debug_info    0x00000000000063bd      0x987 Drivers/STM32F7xx_HAL_Driver/stm32f7xx_hal_rcc.o
 .debug_info    0x0000000000006d44      0x7d1 Drivers/STM32F7xx_HAL_Driver/stm32f7xx_hal_rcc_ex.o
 .debug_info    0x0000000000007515     0x1639 Drivers/STM32F7xx_HAL_Driver/stm32f7xx_hal_uart.o
 .debug_info    0x0000000000008b4e     0x1910 Drivers/STM32F7xx_HAL_Driver/stm32f7xx_ll_usb.o
 .debug_info    0x000000000000a45e     0x1a99 Src/main.o
 .debug_info    0x000000000000bef7     0x169c Src/stm32f7xx_hal_msp.o
 .debug_info    0x000000000000d593      0x20a Src/stm32f7xx_it.o
 .debug_info    0x000000000000d79d      0x73d Src/system_stm32f7xx.o
 .debug_info    0x000000000000deda       0x22 Startup/startup_stm32f767zitx.o

.debug_abbrev   0x0000000000000000     0x1f94
 .debug_abbrev  0x0000000000000000      0x1c7 Drivers/STM32F7xx_HAL_Driver/stm32f7xx_hal.o
 .debug_abbrev  0x00000000000001c7      0x2fa Drivers/STM32F7xx_HAL_Driver/stm32f7xx_hal_cortex.o
 .debug_abbrev  0x00000000000004c1      0x23e Drivers/STM32F7xx_HAL_Driver/stm32f7xx_hal_eth.o
 .debug_abbrev  0x00000000000006ff      0x1c9 Drivers/STM32F7xx_HAL_Driver/stm32f7xx_hal_gpio.o
 .debug_abbrev  0x00000000000008c8      0x257 Drivers/STM32F7xx_HAL_Driver/stm32f7xx_hal_pcd.o
 .debug_abbrev  0x0000000000000b1f      0x1c0 Drivers/STM32F7xx_HAL_Driver/stm32f7xx_hal_pcd_ex.o
 .debug_abbrev  0x0000000000000cdf      0x1b6 Drivers/STM32F7xx_HAL_Driver/stm32f7xx_hal_pwr.o
 .debug_abbrev  0x0000000000000e95      0x1b8 Drivers/STM32F7xx_HAL_Driver/stm32f7xx_hal_pwr_ex.o
 .debug_abbrev  0x000000000000104d      0x268 Drivers/STM32F7xx_HAL_Driver/stm32f7xx_hal_rcc.o
 .debug_abbrev  0x00000000000012b5      0x1ad Drivers/STM32F7xx_HAL_Driver/stm32f7xx_hal_rcc_ex.o
 .debug_abbrev  0x0000000000001462      0x205 Drivers/STM32F7xx_HAL_Driver/stm32f7xx_hal_uart.o
 .debug_abbrev  0x0000000000001667      0x23f Drivers/STM32F7xx_HAL_Driver/stm32f7xx_ll_usb.o
 .debug_abbrev  0x00000000000018a6      0x2b9 Src/main.o
 .debug_abbrev  0x0000000000001b5f      0x216 Src/stm32f7xx_hal_msp.o
 .debug_abbrev  0x0000000000001d75       0xc6 Src/stm32f7xx_it.o
 .debug_abbrev  0x0000000000001e3b      0x147 Src/system_stm32f7xx.o
 .debug_abbrev  0x0000000000001f82       0x12 Startup/startup_stm32f767zitx.o

.debug_aranges  0x0000000000000000      0xbf0
 .debug_aranges
                0x0000000000000000      0x110 Drivers/STM32F7xx_HAL_Driver/stm32f7xx_hal.o
 .debug_aranges
                0x0000000000000110      0x118 Drivers/STM32F7xx_HAL_Driver/stm32f7xx_hal_cortex.o
 .debug_aranges
                0x0000000000000228      0x110 Drivers/STM32F7xx_HAL_Driver/stm32f7xx_hal_eth.o
 .debug_aranges
                0x0000000000000338       0x58 Drivers/STM32F7xx_HAL_Driver/stm32f7xx_hal_gpio.o
 .debug_aranges
                0x0000000000000390      0x130 Drivers/STM32F7xx_HAL_Driver/stm32f7xx_hal_pcd.o
 .debug_aranges
                0x00000000000004c0       0x48 Drivers/STM32F7xx_HAL_Driver/stm32f7xx_hal_pcd_ex.o
 .debug_aranges
                0x0000000000000508       0xa0 Drivers/STM32F7xx_HAL_Driver/stm32f7xx_hal_pwr.o
 .debug_aranges
                0x00000000000005a8       0x80 Drivers/STM32F7xx_HAL_Driver/stm32f7xx_hal_pwr_ex.o
 .debug_aranges
                0x0000000000000628       0x88 Drivers/STM32F7xx_HAL_Driver/stm32f7xx_hal_rcc.o
 .debug_aranges
                0x00000000000006b0       0x50 Drivers/STM32F7xx_HAL_Driver/stm32f7xx_hal_rcc_ex.o
 .debug_aranges
                0x0000000000000700      0x1f8 Drivers/STM32F7xx_HAL_Driver/stm32f7xx_hal_uart.o
 .debug_aranges
                0x00000000000008f8      0x198 Drivers/STM32F7xx_HAL_Driver/stm32f7xx_ll_usb.o
 .debug_aranges
                0x0000000000000a90       0x60 Src/main.o
 .debug_aranges
                0x0000000000000af0       0x50 Src/stm32f7xx_hal_msp.o
 .debug_aranges
                0x0000000000000b40       0x60 Src/stm32f7xx_it.o
 .debug_aranges
                0x0000000000000ba0       0x28 Src/system_stm32f7xx.o
 .debug_aranges
                0x0000000000000bc8       0x28 Startup/startup_stm32f767zitx.o

.debug_ranges   0x0000000000000000      0xae8
 .debug_ranges  0x0000000000000000      0x100 Drivers/STM32F7xx_HAL_Driver/stm32f7xx_hal.o
 .debug_ranges  0x0000000000000100      0x108 Drivers/STM32F7xx_HAL_Driver/stm32f7xx_hal_cortex.o
 .debug_ranges  0x0000000000000208      0x100 Drivers/STM32F7xx_HAL_Driver/stm32f7xx_hal_eth.o
 .debug_ranges  0x0000000000000308       0x48 Drivers/STM32F7xx_HAL_Driver/stm32f7xx_hal_gpio.o
 .debug_ranges  0x0000000000000350      0x120 Drivers/STM32F7xx_HAL_Driver/stm32f7xx_hal_pcd.o
 .debug_ranges  0x0000000000000470       0x38 Drivers/STM32F7xx_HAL_Driver/stm32f7xx_hal_pcd_ex.o
 .debug_ranges  0x00000000000004a8       0x90 Drivers/STM32F7xx_HAL_Driver/stm32f7xx_hal_pwr.o
 .debug_ranges  0x0000000000000538       0x70 Drivers/STM32F7xx_HAL_Driver/stm32f7xx_hal_pwr_ex.o
 .debug_ranges  0x00000000000005a8       0x78 Drivers/STM32F7xx_HAL_Driver/stm32f7xx_hal_rcc.o
 .debug_ranges  0x0000000000000620       0x40 Drivers/STM32F7xx_HAL_Driver/stm32f7xx_hal_rcc_ex.o
 .debug_ranges  0x0000000000000660      0x1e8 Drivers/STM32F7xx_HAL_Driver/stm32f7xx_hal_uart.o
 .debug_ranges  0x0000000000000848      0x188 Drivers/STM32F7xx_HAL_Driver/stm32f7xx_ll_usb.o
 .debug_ranges  0x00000000000009d0       0x50 Src/main.o
 .debug_ranges  0x0000000000000a20       0x40 Src/stm32f7xx_hal_msp.o
 .debug_ranges  0x0000000000000a60       0x50 Src/stm32f7xx_it.o
 .debug_ranges  0x0000000000000ab0       0x18 Src/system_stm32f7xx.o
 .debug_ranges  0x0000000000000ac8       0x20 Startup/startup_stm32f767zitx.o

.debug_macro    0x0000000000000000    0x26d6c
 .debug_macro   0x0000000000000000      0x221 Drivers/STM32F7xx_HAL_Driver/stm32f7xx_hal.o
 .debug_macro   0x0000000000000221      0xa66 Drivers/STM32F7xx_HAL_Driver/stm32f7xx_hal.o
 .debug_macro   0x0000000000000c87      0x19d Drivers/STM32F7xx_HAL_Driver/stm32f7xx_hal.o
 .debug_macro   0x0000000000000e24       0x2e Drivers/STM32F7xx_HAL_Driver/stm32f7xx_hal.o
 .debug_macro   0x0000000000000e52       0x3b Drivers/STM32F7xx_HAL_Driver/stm32f7xx_hal.o
 .debug_macro   0x0000000000000e8d       0x22 Drivers/STM32F7xx_HAL_Driver/stm32f7xx_hal.o
 .debug_macro   0x0000000000000eaf       0x8e Drivers/STM32F7xx_HAL_Driver/stm32f7xx_hal.o
 .debug_macro   0x0000000000000f3d       0x51 Drivers/STM32F7xx_HAL_Driver/stm32f7xx_hal.o
 .debug_macro   0x0000000000000f8e       0xef Drivers/STM32F7xx_HAL_Driver/stm32f7xx_hal.o
 .debug_macro   0x000000000000107d       0x6a Drivers/STM32F7xx_HAL_Driver/stm32f7xx_hal.o
 .debug_macro   0x00000000000010e7      0x1df Drivers/STM32F7xx_HAL_Driver/stm32f7xx_hal.o
 .debug_macro   0x00000000000012c6       0x1c Drivers/STM32F7xx_HAL_Driver/stm32f7xx_hal.o
 .debug_macro   0x00000000000012e2       0x22 Drivers/STM32F7xx_HAL_Driver/stm32f7xx_hal.o
 .debug_macro   0x0000000000001304       0xdf Drivers/STM32F7xx_HAL_Driver/stm32f7xx_hal.o
 .debug_macro   0x00000000000013e3     0x12cd Drivers/STM32F7xx_HAL_Driver/stm32f7xx_hal.o
 .debug_macro   0x00000000000026b0      0x11f Drivers/STM32F7xx_HAL_Driver/stm32f7xx_hal.o
 .debug_macro   0x00000000000027cf       0x19 Drivers/STM32F7xx_HAL_Driver/stm32f7xx_hal.o
 .debug_macro   0x00000000000027e8    0x1a029 Drivers/STM32F7xx_HAL_Driver/stm32f7xx_hal.o
 .debug_macro   0x000000000001c811       0x43 Drivers/STM32F7xx_HAL_Driver/stm32f7xx_hal.o
 .debug_macro   0x000000000001c854     0x363d Drivers/STM32F7xx_HAL_Driver/stm32f7xx_hal.o
 .debug_macro   0x000000000001fe91      0x174 Drivers/STM32F7xx_HAL_Driver/stm32f7xx_hal.o
 .debug_macro   0x0000000000020005       0x61 Drivers/STM32F7xx_HAL_Driver/stm32f7xx_hal.o
 .debug_macro   0x0000000000020066     0x1add Drivers/STM32F7xx_HAL_Driver/stm32f7xx_hal.o
 .debug_macro   0x0000000000021b43      0x6c4 Drivers/STM32F7xx_HAL_Driver/stm32f7xx_hal.o
 .debug_macro   0x0000000000022207      0x109 Drivers/STM32F7xx_HAL_Driver/stm32f7xx_hal.o
 .debug_macro   0x0000000000022310      0x117 Drivers/STM32F7xx_HAL_Driver/stm32f7xx_hal.o
 .debug_macro   0x0000000000022427      0x26f Drivers/STM32F7xx_HAL_Driver/stm32f7xx_hal.o
 .debug_macro   0x0000000000022696       0x27 Drivers/STM32F7xx_HAL_Driver/stm32f7xx_hal.o
 .debug_macro   0x00000000000226bd      0x24f Drivers/STM32F7xx_HAL_Driver/stm32f7xx_hal.o
 .debug_macro   0x000000000002290c       0x71 Drivers/STM32F7xx_HAL_Driver/stm32f7xx_hal.o
 .debug_macro   0x000000000002297d       0x58 Drivers/STM32F7xx_HAL_Driver/stm32f7xx_hal.o
 .debug_macro   0x00000000000229d5      0x236 Drivers/STM32F7xx_HAL_Driver/stm32f7xx_hal.o
 .debug_macro   0x0000000000022c0b      0xccf Drivers/STM32F7xx_HAL_Driver/stm32f7xx_hal.o
 .debug_macro   0x00000000000238da      0x14f Drivers/STM32F7xx_HAL_Driver/stm32f7xx_hal.o
 .debug_macro   0x0000000000023a29      0x3dc Drivers/STM32F7xx_HAL_Driver/stm32f7xx_hal.o
 .debug_macro   0x0000000000023e05       0x12 Drivers/STM32F7xx_HAL_Driver/stm32f7xx_hal.o
 .debug_macro   0x0000000000023e17      0x22c Drivers/STM32F7xx_HAL_Driver/stm32f7xx_hal.o
 .debug_macro   0x0000000000024043       0x61 Drivers/STM32F7xx_HAL_Driver/stm32f7xx_hal.o
 .debug_macro   0x00000000000240a4       0xa5 Drivers/STM32F7xx_HAL_Driver/stm32f7xx_hal.o
 .debug_macro   0x0000000000024149      0x12f Drivers/STM32F7xx_HAL_Driver/stm32f7xx_hal.o
 .debug_macro   0x0000000000024278      0x108 Drivers/STM32F7xx_HAL_Driver/stm32f7xx_hal.o
 .debug_macro   0x0000000000024380       0x35 Drivers/STM32F7xx_HAL_Driver/stm32f7xx_hal.o
 .debug_macro   0x00000000000243b5      0x519 Drivers/STM32F7xx_HAL_Driver/stm32f7xx_hal.o
 .debug_macro   0x00000000000248ce       0x44 Drivers/STM32F7xx_HAL_Driver/stm32f7xx_hal.o
 .debug_macro   0x0000000000024912      0x217 Drivers/STM32F7xx_HAL_Driver/stm32f7xx_hal.o
 .debug_macro   0x0000000000024b29       0xe4 Drivers/STM32F7xx_HAL_Driver/stm32f7xx_hal.o
 .debug_macro   0x0000000000024c0d      0x15c Drivers/STM32F7xx_HAL_Driver/stm32f7xx_hal.o
 .debug_macro   0x0000000000024d69      0x1fd Drivers/STM32F7xx_HAL_Driver/stm32f7xx_hal_cortex.o
 .debug_macro   0x0000000000024f66      0x213 Drivers/STM32F7xx_HAL_Driver/stm32f7xx_hal_eth.o
 .debug_macro   0x0000000000025179      0x233 Drivers/STM32F7xx_HAL_Driver/stm32f7xx_hal_gpio.o
 .debug_macro   0x00000000000253ac      0x209 Drivers/STM32F7xx_HAL_Driver/stm32f7xx_hal_pcd.o
 .debug_macro   0x00000000000255b5      0x1fd Drivers/STM32F7xx_HAL_Driver/stm32f7xx_hal_pcd_ex.o
 .debug_macro   0x00000000000257b2      0x21b Drivers/STM32F7xx_HAL_Driver/stm32f7xx_hal_pwr.o
 .debug_macro   0x00000000000259cd      0x215 Drivers/STM32F7xx_HAL_Driver/stm32f7xx_hal_pwr_ex.o
 .debug_macro   0x0000000000025be2      0x221 Drivers/STM32F7xx_HAL_Driver/stm32f7xx_hal_rcc.o
 .debug_macro   0x0000000000025e03      0x1fd Drivers/STM32F7xx_HAL_Driver/stm32f7xx_hal_rcc_ex.o
 .debug_macro   0x0000000000026000      0x21a Drivers/STM32F7xx_HAL_Driver/stm32f7xx_hal_uart.o
 .debug_macro   0x000000000002621a      0x1fd Drivers/STM32F7xx_HAL_Driver/stm32f7xx_ll_usb.o
 .debug_macro   0x0000000000026417      0x20c Src/main.o
 .debug_macro   0x0000000000026623      0x124 Src/main.o
 .debug_macro   0x0000000000026747      0x20c Src/stm32f7xx_hal_msp.o
 .debug_macro   0x0000000000026953      0x216 Src/stm32f7xx_it.o
 .debug_macro   0x0000000000026b69      0x203 Src/system_stm32f7xx.o

.debug_line     0x0000000000000000     0xb319
 .debug_line    0x0000000000000000      0xa7a Drivers/STM32F7xx_HAL_Driver/stm32f7xx_hal.o
 .debug_line    0x0000000000000a7a      0xb5a Drivers/STM32F7xx_HAL_Driver/stm32f7xx_hal_cortex.o
 .debug_line    0x00000000000015d4      0xf07 Drivers/STM32F7xx_HAL_Driver/stm32f7xx_hal_eth.o
 .debug_line    0x00000000000024db      0xa3e Drivers/STM32F7xx_HAL_Driver/stm32f7xx_hal_gpio.o
 .debug_line    0x0000000000002f19      0xdaa Drivers/STM32F7xx_HAL_Driver/stm32f7xx_hal_pcd.o
 .debug_line    0x0000000000003cc3      0x8bc Drivers/STM32F7xx_HAL_Driver/stm32f7xx_hal_pcd_ex.o
 .debug_line    0x000000000000457f      0x99e Drivers/STM32F7xx_HAL_Driver/stm32f7xx_hal_pwr.o
 .debug_line    0x0000000000004f1d      0x97a Drivers/STM32F7xx_HAL_Driver/stm32f7xx_hal_pwr_ex.o
 .debug_line    0x0000000000005897      0xacc Drivers/STM32F7xx_HAL_Driver/stm32f7xx_hal_rcc.o
 .debug_line    0x0000000000006363      0xa5a Drivers/STM32F7xx_HAL_Driver/stm32f7xx_hal_rcc_ex.o
 .debug_line    0x0000000000006dbd     0x133c Drivers/STM32F7xx_HAL_Driver/stm32f7xx_hal_uart.o
 .debug_line    0x00000000000080f9      0xf50 Drivers/STM32F7xx_HAL_Driver/stm32f7xx_ll_usb.o
 .debug_line    0x0000000000009049      0x901 Src/main.o
 .debug_line    0x000000000000994a      0x8a5 Src/stm32f7xx_hal_msp.o
 .debug_line    0x000000000000a1ef      0x897 Src/stm32f7xx_it.o
 .debug_line    0x000000000000aa86      0x812 Src/system_stm32f7xx.o
 .debug_line    0x000000000000b298       0x81 Startup/startup_stm32f767zitx.o

.debug_str      0x0000000000000000    0xf4300
 .debug_str     0x0000000000000000    0xefebc Drivers/STM32F7xx_HAL_Driver/stm32f7xx_hal.o
                                      0xf066f (size before relaxing)
 .debug_str     0x00000000000efebc      0x4e0 Drivers/STM32F7xx_HAL_Driver/stm32f7xx_hal_cortex.o
                                      0xf06e8 (size before relaxing)
 .debug_str     0x00000000000f039c      0xc04 Drivers/STM32F7xx_HAL_Driver/stm32f7xx_hal_eth.o
                                      0xf07ff (size before relaxing)
 .debug_str     0x00000000000f0fa0      0x2eb Drivers/STM32F7xx_HAL_Driver/stm32f7xx_hal_gpio.o
                                      0xefec9 (size before relaxing)
 .debug_str     0x00000000000f128b      0x8dd Drivers/STM32F7xx_HAL_Driver/stm32f7xx_hal_pcd.o
                                      0xf03d8 (size before relaxing)
 .debug_str     0x00000000000f1b68      0x1a6 Drivers/STM32F7xx_HAL_Driver/stm32f7xx_hal_pcd_ex.o
                                      0xf0000 (size before relaxing)
 .debug_str     0x00000000000f1d0e      0x314 Drivers/STM32F7xx_HAL_Driver/stm32f7xx_hal_pwr.o
                                      0xeffab (size before relaxing)
 .debug_str     0x00000000000f2022      0x1ee Drivers/STM32F7xx_HAL_Driver/stm32f7xx_hal_pwr_ex.o
                                      0xeff6d (size before relaxing)
 .debug_str     0x00000000000f2210      0x3e3 Drivers/STM32F7xx_HAL_Driver/stm32f7xx_hal_rcc.o
                                      0xf001c (size before relaxing)
 .debug_str     0x00000000000f25f3      0x3fa Drivers/STM32F7xx_HAL_Driver/stm32f7xx_hal_rcc_ex.o
                                      0xeffdc (size before relaxing)
 .debug_str     0x00000000000f29ed      0xb95 Drivers/STM32F7xx_HAL_Driver/stm32f7xx_hal_uart.o
                                      0xf07e1 (size before relaxing)
 .debug_str     0x00000000000f3582      0x696 Drivers/STM32F7xx_HAL_Driver/stm32f7xx_ll_usb.o
                                      0xf0507 (size before relaxing)
 .debug_str     0x00000000000f3c18      0x58a Src/main.o
                                      0xf113b (size before relaxing)
 .debug_str     0x00000000000f41a2       0x1b Src/stm32f7xx_hal_msp.o
                                      0xf0cad (size before relaxing)
 .debug_str     0x00000000000f41bd       0xb8 Src/stm32f7xx_it.o
                                      0xeff65 (size before relaxing)
 .debug_str     0x00000000000f4275       0x5a Src/system_stm32f7xx.o
                                      0xefcb5 (size before relaxing)
 .debug_str     0x00000000000f42cf       0x31 Startup/startup_stm32f767zitx.o
                                         0x6a (size before relaxing)

.comment        0x0000000000000000       0x7b
 .comment       0x0000000000000000       0x7b Drivers/STM32F7xx_HAL_Driver/stm32f7xx_hal.o
                                         0x7c (size before relaxing)
 .comment       0x000000000000007b       0x7c Drivers/STM32F7xx_HAL_Driver/stm32f7xx_hal_cortex.o
 .comment       0x000000000000007b       0x7c Drivers/STM32F7xx_HAL_Driver/stm32f7xx_hal_eth.o
 .comment       0x000000000000007b       0x7c Drivers/STM32F7xx_HAL_Driver/stm32f7xx_hal_gpio.o
 .comment       0x000000000000007b       0x7c Drivers/STM32F7xx_HAL_Driver/stm32f7xx_hal_pcd.o
 .comment       0x000000000000007b       0x7c Drivers/STM32F7xx_HAL_Driver/stm32f7xx_hal_pcd_ex.o
 .comment       0x000000000000007b       0x7c Drivers/STM32F7xx_HAL_Driver/stm32f7xx_hal_pwr.o
 .comment       0x000000000000007b       0x7c Drivers/STM32F7xx_HAL_Driver/stm32f7xx_hal_pwr_ex.o
 .comment       0x000000000000007b       0x7c Drivers/STM32F7xx_HAL_Driver/stm32f7xx_hal_rcc.o
 .comment       0x000000000000007b       0x7c Drivers/STM32F7xx_HAL_Driver/stm32f7xx_hal_rcc_ex.o
 .comment       0x000000000000007b       0x7c Drivers/STM32F7xx_HAL_Driver/stm32f7xx_hal_uart.o
 .comment       0x000000000000007b       0x7c Drivers/STM32F7xx_HAL_Driver/stm32f7xx_ll_usb.o
 .comment       0x000000000000007b       0x7c Src/main.o
 .comment       0x000000000000007b       0x7c Src/stm32f7xx_hal_msp.o
 .comment       0x000000000000007b       0x7c Src/stm32f7xx_it.o
 .comment       0x000000000000007b       0x7c Src/system_stm32f7xx.o

.debug_frame    0x0000000000000000     0x30e8
 .debug_frame   0x0000000000000000      0x3f4 Drivers/STM32F7xx_HAL_Driver/stm32f7xx_hal.o
 .debug_frame   0x00000000000003f4      0x498 Drivers/STM32F7xx_HAL_Driver/stm32f7xx_hal_cortex.o
 .debug_frame   0x000000000000088c      0x4b4 Drivers/STM32F7xx_HAL_Driver/stm32f7xx_hal_eth.o
 .debug_frame   0x0000000000000d40      0x14c Drivers/STM32F7xx_HAL_Driver/stm32f7xx_hal_gpio.o
 .debug_frame   0x0000000000000e8c      0x548 Drivers/STM32F7xx_HAL_Driver/stm32f7xx_hal_pcd.o
 .debug_frame   0x00000000000013d4      0x100 Drivers/STM32F7xx_HAL_Driver/stm32f7xx_hal_pcd_ex.o
 .debug_frame   0x00000000000014d4      0x254 Drivers/STM32F7xx_HAL_Driver/stm32f7xx_hal_pwr.o
 .debug_frame   0x0000000000001728      0x1c8 Drivers/STM32F7xx_HAL_Driver/stm32f7xx_hal_pwr_ex.o
 .debug_frame   0x00000000000018f0      0x1f4 Drivers/STM32F7xx_HAL_Driver/stm32f7xx_hal_rcc.o
 .debug_frame   0x0000000000001ae4      0x118 Drivers/STM32F7xx_HAL_Driver/stm32f7xx_hal_rcc_ex.o
 .debug_frame   0x0000000000001bfc      0x8f4 Drivers/STM32F7xx_HAL_Driver/stm32f7xx_hal_uart.o
 .debug_frame   0x00000000000024f0      0x790 Drivers/STM32F7xx_HAL_Driver/stm32f7xx_ll_usb.o
 .debug_frame   0x0000000000002c80      0x148 Src/main.o
 .debug_frame   0x0000000000002dc8      0x110 Src/stm32f7xx_hal_msp.o
 .debug_frame   0x0000000000002ed8      0x10c Src/stm32f7xx_it.o
 .debug_frame   0x0000000000002fe4       0x58 Src/system_stm32f7xx.o
 .debug_frame   0x000000000000303c       0x2c c:/st/stm32cubeide_1.0.2/stm32cubeide/plugins/com.st.stm32cube.ide.mcu.externaltools.gnu-tools-for-stm32.7-2018-q2-update.win32_1.0.0.201904181610/tools/bin/../lib/gcc/arm-none-eabi/7.3.1/../../../../arm-none-eabi/lib/thumb/v7e-m/fpv5/hard\libc_nano.a(lib_a-init.o)
 .debug_frame   0x0000000000003068       0x20 c:/st/stm32cubeide_1.0.2/stm32cubeide/plugins/com.st.stm32cube.ide.mcu.externaltools.gnu-tools-for-stm32.7-2018-q2-update.win32_1.0.0.201904181610/tools/bin/../lib/gcc/arm-none-eabi/7.3.1/../../../../arm-none-eabi/lib/thumb/v7e-m/fpv5/hard\libc_nano.a(lib_a-memset.o)
 .debug_frame   0x0000000000003088       0x2c c:/st/stm32cubeide_1.0.2/stm32cubeide/plugins/com.st.stm32cube.ide.mcu.externaltools.gnu-tools-for-stm32.7-2018-q2-update.win32_1.0.0.201904181610/tools/bin/../lib/gcc/arm-none-eabi/7.3.1/thumb/v7e-m/fpv5/hard\libgcc.a(_aeabi_uldivmod.o)
 .debug_frame   0x00000000000030b4       0x34 c:/st/stm32cubeide_1.0.2/stm32cubeide/plugins/com.st.stm32cube.ide.mcu.externaltools.gnu-tools-for-stm32.7-2018-q2-update.win32_1.0.0.201904181610/tools/bin/../lib/gcc/arm-none-eabi/7.3.1/thumb/v7e-m/fpv5/hard\libgcc.a(_udivmoddi4.o)
